// Jest Snapshot v1, https://goo.gl/fbAQLP

exports[`App App component should match the snapshot 1`] = `
<div
  className="App"
>
  <Connect(ColorContainer) />
  <Connect(ProjectContainer) />
</div>
`;
